Testing OllamaGenerator with model 'phi3.5'...

Sending query...
Ollama generation error: model 'phi3.5' not found (status code: 404)

--- Result ---
Answer: Error generating answer: model 'phi3.5' not found (status code: 404). Please ensure Ollama is running and the model phi3.5 is pulled.
Confidence: 0.0
Sources: []
python : Traceback 
(most recent call 
last):
At line:1 char:1
+ python 
test_ollama.py > 
test_output.txt 2>&1
+ ~~~~~~~~~~~~~~~~~~~
~~~~~~~~~~~~~~~~~~~~~
~~~~
    + CategoryInfo   
           : NotSpe  
  cified: (Traceba   
 ck (most recent     
call last)::Stri    
ng) [], RemoteEx    
ception
    + FullyQualified 
   ErrorId : Native  
  CommandError
 
  File "E:\lifepathbo
t-backend\test_ollama
.py", line 30, in 
test_generation
    print("\n\u26a0\u
fe0f Verification 
Warning: Answer 
might not be 
correct.")
  File "C:\Users\samp
a\anaconda3\Lib\encod
ings\cp1252.py", 
line 19, in encode
    return codecs.cha
rmap_encode(input,sel
f.errors,encoding_tab
le)[0]
           ^^^^^^^^^^
^^^^^^^^^^^^^^^^^^^^^
^^^^^^^^^^^^^^^^^^^^^
^^^
UnicodeEncodeError: 
'charmap' codec 
can't encode 
characters in 
position 2-3: 
character maps to 
<undefined>

During handling of 
the above exception, 
another exception 
occurred:

Traceback (most 
recent call last):
  File "E:\lifepathbo
t-backend\test_ollama
.py", line 36, in 
<module>
    test_generation()
  File "E:\lifepathbo
t-backend\test_ollama
.py", line 33, in 
test_generation
    print(f"\n\u274c 
Verification Failed: 
{e}")
  File "C:\Users\samp
a\anaconda3\Lib\encod
ings\cp1252.py", 
line 19, in encode
    return codecs.cha
rmap_encode(input,sel
f.errors,encoding_tab
le)[0]
           ^^^^^^^^^^
^^^^^^^^^^^^^^^^^^^^^
^^^^^^^^^^^^^^^^^^^^^
^^^
UnicodeEncodeError: 
'charmap' codec 
can't encode 
character '\u274c' 
in position 2: 
character maps to 
<undefined>
